
Memory Configuration

Name             Origin             Length             Attributes
*default*        0x0000000000000000 0xffffffffffffffff

Linker script and memory map

LOAD ./src/cpu/irq.o
LOAD ./src/cpu/gdt_util.o
LOAD ./src/memory/paging.o
LOAD ./src/syscall/syscall_entry.o
LOAD ./src/proc/context_switch.o
LOAD ./src/spinlock.o
LOAD ./src/drivers/pit.o
LOAD ./src/drivers/keyboard.o
LOAD ./src/drivers/serial.o
LOAD ./src/drivers/video.o
LOAD ./src/string/strlen.o
LOAD ./src/string/memmove.o
LOAD ./src/string/memcmp.o
LOAD ./src/string/strcat.o
LOAD ./src/string/memset.o
LOAD ./src/string/strcmp.o
LOAD ./src/string/memcpy.o
LOAD ./src/cpu/io.o
LOAD ./src/cpu/cpu.o
LOAD ./src/cpu/idt.o
LOAD ./src/cpu/gdt.o
LOAD ./src/cpu/smp.o
LOAD ./src/memory/vmm.o
LOAD ./src/memory/pmm.o
LOAD ./src/syscall/syscalls.o
LOAD ./src/proc/elf.o
LOAD ./src/proc/proc.o
LOAD ./src/proc/scheduler.o
LOAD ./src/liballoc.o
LOAD ./src/kmalloc.o
LOAD ./src/util.o
LOAD ./src/kernel.o
LOAD ./src/kprintf.o
LOAD ./src/fs/vfs.o
LOAD ./src/fs/tarfs.o
                0xffffffff80200000                . = 0xffffffff80200000
                0xffffffff80200000                k_start = .

.stivale2hdr    0xffffffff80200000       0x20
 *(.stivale2hdr)
 .stivale2hdr   0xffffffff80200000       0x20 ./src/kernel.o

.text           0xffffffff80201000     0x9e74
 *(.text*)
 .text          0xffffffff80201000       0xda ./src/cpu/irq.o
                0xffffffff80201003                dummy_irq
                0xffffffff80201020                irq0
                0xffffffff80201053                irq1
                0xffffffff8020105c                irq2
                0xffffffff80201065                irq3
                0xffffffff8020106e                irq4
                0xffffffff80201077                irq5
                0xffffffff80201080                irq6
                0xffffffff80201089                irq7
                0xffffffff80201092                irq8
                0xffffffff8020109b                irq9
                0xffffffff802010a4                irq10
                0xffffffff802010ad                irq11
                0xffffffff802010b6                irq12
                0xffffffff802010bf                irq13
                0xffffffff802010c8                irq14
                0xffffffff802010d1                irq15
 *fill*         0xffffffff802010da        0x6 
 .text          0xffffffff802010e0       0x22 ./src/cpu/gdt_util.o
                0xffffffff802010e0                load_gdt
 *fill*         0xffffffff80201102        0xe 
 .text          0xffffffff80201110        0xb ./src/memory/paging.o
                0xffffffff80201110                load_pagedir
                0xffffffff80201114                invalidate_tlb
 *fill*         0xffffffff8020111b        0x5 
 .text          0xffffffff80201120       0x89 ./src/syscall/syscall_entry.o
                0xffffffff80201120                enable_sce
                0xffffffff8020113b                syscall_entry
 *fill*         0xffffffff802011a9        0x7 
 .text          0xffffffff802011b0       0x24 ./src/proc/context_switch.o
                0xffffffff802011b0                switch_to_process
 *fill*         0xffffffff802011d4        0xc 
 .text          0xffffffff802011e0       0x1c ./src/spinlock.o
                0xffffffff802011e0                acquire_lock
                0xffffffff802011f5                release_lock
 .text          0xffffffff802011fc      0x185 ./src/drivers/pit.o
                0xffffffff802011fc                pit_init
                0xffffffff802012b1                sleep
                0xffffffff80201346                tick
 .text          0xffffffff80201381       0x76 ./src/drivers/keyboard.o
                0xffffffff80201381                handle_scan
 .text          0xffffffff802013f7      0x38d ./src/drivers/serial.o
                0xffffffff802013f7                serial_init
                0xffffffff80201556                is_transmit_empty
                0xffffffff80201597                write_serial
                0xffffffff80201601                turn_color_on
                0xffffffff802016b8                turn_color_off
 .text          0xffffffff80201784      0x70e ./src/drivers/video.o
                0xffffffff80201784                screen_init
                0xffffffff8020194e                draw_pixel
                0xffffffff802019fa                draw_line
                0xffffffff80201c44                draw_rect
                0xffffffff80201d42                draw_fill_rect
                0xffffffff80201dec                refresh_screen_proc
                0xffffffff80201e42                get_framebuffer_addr
                0xffffffff80201e6a                get_framebuffer_size
 .text          0xffffffff80201e92       0x47 ./src/string/strlen.o
                0xffffffff80201e92                strlen
 .text          0xffffffff80201ed9       0xb7 ./src/string/memmove.o
                0xffffffff80201ed9                memmove
 .text          0xffffffff80201f90       0xa6 ./src/string/memcmp.o
                0xffffffff80201f90                memcmp
 .text          0xffffffff80202036       0x85 ./src/string/strcat.o
                0xffffffff80202036                strcat
 .text          0xffffffff802020bb       0x5e ./src/string/memset.o
                0xffffffff802020bb                memset
 .text          0xffffffff80202119       0x6a ./src/string/strcmp.o
                0xffffffff80202119                strcmp
 .text          0xffffffff80202183       0x72 ./src/string/memcpy.o
                0xffffffff80202183                memcpy
 .text          0xffffffff802021f5      0x19a ./src/cpu/io.o
                0xffffffff802021f5                outb
                0xffffffff8020222a                outw
                0xffffffff8020225f                outl
                0xffffffff8020228f                inl
                0xffffffff802022c0                insl
                0xffffffff8020230a                inw
                0xffffffff8020233e                inb
                0xffffffff80202370                io_wait
 .text          0xffffffff8020238f      0x464 ./src/cpu/cpu.o
                0xffffffff8020238f                cpu_init
                0xffffffff8020240b                get_cpu_struct
                0xffffffff8020245b                dump_regs
 .text          0xffffffff802027f3      0xd75 ./src/cpu/idt.o
                0xffffffff802027f3                idt_set_descriptor
                0xffffffff80202899                irq0_handler
                0xffffffff80202908                irq1_handler
                0xffffffff80202949                irq2_handler
                0xffffffff802029ae                irq3_handler
                0xffffffff80202a13                irq4_handler
                0xffffffff80202a78                irq5_handler
                0xffffffff80202add                irq6_handler
                0xffffffff80202b42                irq7_handler
                0xffffffff80202ba7                irq8_handler
                0xffffffff80202c28                irq9_handler
                0xffffffff80202ca9                irq10_handler
                0xffffffff80202d2a                irq11_handler
                0xffffffff80202dab                irq12_handler
                0xffffffff80202e2c                irq13_handler
                0xffffffff80202ead                irq14_handler
                0xffffffff80202f2e                irq15_handler
                0xffffffff80202faf                dummy_handler
                0xffffffff8020300a                idt_init
 .text          0xffffffff80203568      0x14a ./src/cpu/gdt.o
                0xffffffff80203568                gdt_init
 .text          0xffffffff802036b2      0x1e6 ./src/cpu/smp.o
                0xffffffff802036b2                ap_startup
                0xffffffff802036cd                smp_init
 .text          0xffffffff80203898      0x9f7 ./src/memory/vmm.o
                0xffffffff80203898                vmm_get_page_index
                0xffffffff80203929                vmm_virt_to_phys
                0xffffffff80203b7a                vmm_map
                0xffffffff80203f46                vmm_create_kernel_proc_pml4
                0xffffffff80204053                vmm_create_user_proc_pml4
                0xffffffff80204266                vmm_get_current_cr3
 .text          0xffffffff8020428f      0xf2b ./src/memory/pmm.o
                0xffffffff802043dc                pmm_is_block_free
                0xffffffff80204426                pmm_mark_region_used
                0xffffffff80204521                pmm_init_region
                0xffffffff802048fb                pmm_alloc_blocks
                0xffffffff80204a09                pmm_alloc_block
                0xffffffff80204ae9                pmm_free_blocks
                0xffffffff80204b9d                pmm_free_block
                0xffffffff80204c28                pmm_get_free_block_count
                0xffffffff80204c50                pmm_get_block_count
                0xffffffff80204c78                pmm_dump
                0xffffffff80204e30                pmm_init
 .text          0xffffffff802051ba      0x556 ./src/syscall/syscalls.o
                0xffffffff80205240                sys_exit
                0xffffffff8020527b                sys_open
                0xffffffff80205345                sys_close
                0xffffffff8020539c                sys_read
                0xffffffff80205416                sys_write
                0xffffffff802054c5                sys_execve
                0xffffffff802054f4                sys_fork
                0xffffffff80205513                syscall_dispatcher
                0xffffffff802055e3                sys_init
 .text          0xffffffff80205710      0x307 ./src/proc/elf.o
                0xffffffff80205710                load_elf_bin
                0xffffffff8020578c                load_elf_64
 .text          0xffffffff80205a17      0x7fe ./src/proc/proc.o
                0xffffffff80205a17                unmap_fd_to_proc
                0xffffffff80205a6a                map_fd_to_proc
                0xffffffff80205ad0                kill_proc
                0xffffffff80205bee                kill_current_proc
                0xffffffff80205c2a                task_a
                0xffffffff80205c4e                task_b
                0xffffffff80205c9c                task_c
                0xffffffff80205ce1                idle_task
                0xffffffff80205d26                dump_list
                0xffffffff80205e30                create_process
                0xffffffff8020603f                register_process
                0xffffffff802060fd                multitasking_init
 .text          0xffffffff80206215      0x464 ./src/proc/scheduler.o
                0xffffffff80206215                save_context
                0xffffffff80206453                schedule
 .text          0xffffffff80206679      0xccc ./src/liballoc.o
                0xffffffff80206caa                kmalloc
                0xffffffff80206f20                kfree
                0xffffffff8020719b                kcalloc
                0xffffffff80207218                krealloc
 .text          0xffffffff80207345      0x23c ./src/kmalloc.o
                0xffffffff80207345                print_spin_wait
                0xffffffff80207392                liballoc_lock
                0xffffffff802073de                liballoc_unlock
                0xffffffff8020742a                liballoc_alloc
                0xffffffff8020750e                liballoc_free
 .text          0xffffffff80207581      0x5f2 ./src/util.o
                0xffffffff80207581                cli
                0xffffffff8020759d                sti
                0xffffffff802075b9                abs
                0xffffffff802075ea                ll_abs
                0xffffffff80207620                swap
                0xffffffff80207668                reverse
                0xffffffff802076df                ulltoa
                0xffffffff802077f6                lltoa
                0xffffffff80207942                itoa
                0xffffffff80207a96                set_bit
                0xffffffff80207ae0                clear_bit
                0xffffffff80207b2c                check_bit
 *fill*         0xffffffff80207b73      0x48d 
 .text          0xffffffff80208000     0x1876 ./src/kernel.o
                0xffffffff80208000                ssfn_utf8
                0xffffffff802081bb                ssfn_putc
                0xffffffff8020895e                stivale2_get_tag
                0xffffffff80209000                userspace_func
                0xffffffff80209045                hang
                0xffffffff8020905f                _start
 .text          0xffffffff80209876      0xa38 ./src/kprintf.o
                0xffffffff8020995d                kprintf
 .text          0xffffffff8020a2ae      0x620 ./src/fs/vfs.o
                0xffffffff8020a48b                vfs_register_fs
                0xffffffff8020a566                vfs_unregister_fs
                0xffffffff8020a616                vfs_read
                0xffffffff8020a6a9                vfs_write
                0xffffffff8020a73c                vfs_open
                0xffffffff8020a8b3                vfs_close
 .text          0xffffffff8020a8ce      0x5a6 ./src/fs/tarfs.o
                0xffffffff8020a96f                ustar_search
                0xffffffff8020ab03                ustar_open
                0xffffffff8020abc3                ustar_close
                0xffffffff8020abe6                ustar_read
                0xffffffff8020ace9                ustar_write
                0xffffffff8020ad18                ustar_finddir
                0xffffffff8020ada9                tarfs_init

.rodata         0xffffffff8020ae78      0xb70
 *(.rodata*)
 .rodata        0xffffffff8020ae78        0xe ./src/drivers/pit.o
 .rodata        0xffffffff8020ae86        0x3 ./src/drivers/keyboard.o
 *fill*         0xffffffff8020ae89        0x7 
 .rodata        0xffffffff8020ae90      0x1dd ./src/cpu/cpu.o
 .rodata        0xffffffff8020b06d       0xfd ./src/cpu/idt.o
 *fill*         0xffffffff8020b16a        0x6 
 .rodata        0xffffffff8020b170       0x70 ./src/cpu/smp.o
 .rodata        0xffffffff8020b1e0       0xef ./src/memory/vmm.o
 *fill*         0xffffffff8020b2cf        0x1 
 .rodata        0xffffffff8020b2d0      0x1a0 ./src/memory/pmm.o
 .rodata        0xffffffff8020b470       0x38 ./src/syscall/syscalls.o
 .rodata        0xffffffff8020b4a8       0x46 ./src/proc/elf.o
 *fill*         0xffffffff8020b4ee        0x2 
 .rodata        0xffffffff8020b4f0       0x8e ./src/proc/proc.o
 *fill*         0xffffffff8020b57e        0x2 
 .rodata        0xffffffff8020b580       0x33 ./src/proc/scheduler.o
 *fill*         0xffffffff8020b5b3        0x5 
 .rodata        0xffffffff8020b5b8       0x2c ./src/kmalloc.o
 *fill*         0xffffffff8020b5e4        0x4 
 .rodata        0xffffffff8020b5e8      0x329 ./src/kernel.o
 .rodata        0xffffffff8020b911        0x5 ./src/kprintf.o
 *fill*         0xffffffff8020b916        0x2 
 .rodata        0xffffffff8020b918       0x70 ./src/fs/vfs.o
 .rodata        0xffffffff8020b988       0x60 ./src/fs/tarfs.o

.eh_frame       0xffffffff8020b9e8     0x1848
 .eh_frame      0xffffffff8020b9e8       0x88 ./src/drivers/pit.o
 .eh_frame      0xffffffff8020ba70       0x28 ./src/drivers/keyboard.o
                                         0x40 (size before relaxing)
 .eh_frame      0xffffffff8020ba98       0xd0 ./src/drivers/serial.o
                                         0xd8 (size before relaxing)
 .eh_frame      0xffffffff8020bb68      0x128 ./src/drivers/video.o
                                        0x130 (size before relaxing)
 .eh_frame      0xffffffff8020bc90       0x20 ./src/string/strlen.o
                                         0x38 (size before relaxing)
 .eh_frame      0xffffffff8020bcb0       0x20 ./src/string/memmove.o
                                         0x38 (size before relaxing)
 .eh_frame      0xffffffff8020bcd0       0x20 ./src/string/memcmp.o
                                         0x38 (size before relaxing)
 .eh_frame      0xffffffff8020bcf0       0x28 ./src/string/strcat.o
                                         0x40 (size before relaxing)
 .eh_frame      0xffffffff8020bd18       0x20 ./src/string/memset.o
                                         0x38 (size before relaxing)
 .eh_frame      0xffffffff8020bd38       0x20 ./src/string/strcmp.o
                                         0x38 (size before relaxing)
 .eh_frame      0xffffffff8020bd58       0x20 ./src/string/memcpy.o
                                         0x38 (size before relaxing)
 .eh_frame      0xffffffff8020bd78      0x100 ./src/cpu/io.o
                                        0x118 (size before relaxing)
 .eh_frame      0xffffffff8020be78       0x78 ./src/cpu/cpu.o
                                         0x90 (size before relaxing)
 .eh_frame      0xffffffff8020bef0      0x2f8 ./src/cpu/idt.o
                                        0x308 (size before relaxing)
 .eh_frame      0xffffffff8020c1e8       0x30 ./src/cpu/gdt.o
                                         0x48 (size before relaxing)
 .eh_frame      0xffffffff8020c218       0x40 ./src/cpu/smp.o
                                         0x58 (size before relaxing)
 .eh_frame      0xffffffff8020c258       0xf8 ./src/memory/vmm.o
                                        0x108 (size before relaxing)
 .eh_frame      0xffffffff8020c350      0x268 ./src/memory/pmm.o
                                        0x260 (size before relaxing)
 .eh_frame      0xffffffff8020c5b8      0x1a0 ./src/syscall/syscalls.o
                                        0x1a8 (size before relaxing)
 .eh_frame      0xffffffff8020c758       0x50 ./src/proc/elf.o
                                         0x68 (size before relaxing)
 .eh_frame      0xffffffff8020c7a8      0x1b8 ./src/proc/proc.o
                                        0x1c8 (size before relaxing)
 .eh_frame      0xffffffff8020c960       0x58 ./src/proc/scheduler.o
                                         0x68 (size before relaxing)
 .eh_frame      0xffffffff8020c9b8      0x1f0 ./src/liballoc.o
 .eh_frame      0xffffffff8020cba8       0xc8 ./src/kmalloc.o
                                         0xd0 (size before relaxing)
 .eh_frame      0xffffffff8020cc70      0x198 ./src/util.o
                                        0x1a8 (size before relaxing)
 .eh_frame      0xffffffff8020ce08       0xe8 ./src/kernel.o
                                         0xf8 (size before relaxing)
 .eh_frame      0xffffffff8020cef0       0x78 ./src/kprintf.o
                                         0x90 (size before relaxing)
 .eh_frame      0xffffffff8020cf68      0x158 ./src/fs/vfs.o
                                        0x168 (size before relaxing)
 .eh_frame      0xffffffff8020d0c0      0x170 ./src/fs/tarfs.o
                                        0x180 (size before relaxing)

.rela.dyn       0xffffffff8020d230        0x0
 .rela.got      0xffffffff8020d230        0x0 ./src/cpu/irq.o

.data           0xffffffff8020e000     0x1108
 *(.data*)
 .data          0xffffffff8020e000        0x0 ./src/drivers/pit.o
 .data          0xffffffff8020e000       0x80 ./src/drivers/keyboard.o
                0xffffffff8020e000                kbdus
 .data          0xffffffff8020e080        0x0 ./src/drivers/serial.o
 .data          0xffffffff8020e080        0x0 ./src/drivers/video.o
 .data          0xffffffff8020e080        0x0 ./src/string/strlen.o
 .data          0xffffffff8020e080        0x0 ./src/string/memmove.o
 .data          0xffffffff8020e080        0x0 ./src/string/memcmp.o
 .data          0xffffffff8020e080        0x0 ./src/string/strcat.o
 .data          0xffffffff8020e080        0x0 ./src/string/memset.o
 .data          0xffffffff8020e080        0x0 ./src/string/strcmp.o
 .data          0xffffffff8020e080        0x0 ./src/string/memcpy.o
 .data          0xffffffff8020e080        0x0 ./src/cpu/io.o
 .data          0xffffffff8020e080        0x0 ./src/cpu/cpu.o
 .data          0xffffffff8020e080        0x0 ./src/cpu/idt.o
 *fill*         0xffffffff8020e080      0xf80 
 .data          0xffffffff8020f000       0x40 ./src/cpu/gdt.o
                0xffffffff8020f000                gdt_table
 .data          0xffffffff8020f040        0x8 ./src/cpu/smp.o
 .data          0xffffffff8020f048        0x0 ./src/memory/vmm.o
 .data          0xffffffff8020f048       0x10 ./src/memory/pmm.o
                0xffffffff8020f048                total_blocks
                0xffffffff8020f050                last_checked_block
 .data          0xffffffff8020f058        0x0 ./src/syscall/syscalls.o
 .data.rel.local
                0xffffffff8020f058        0x8 ./src/syscall/syscalls.o
                0xffffffff8020f058                environ
 .data          0xffffffff8020f060        0x0 ./src/proc/elf.o
 .data          0xffffffff8020f060        0x0 ./src/proc/proc.o
 .data          0xffffffff8020f060        0x0 ./src/proc/scheduler.o
 .data          0xffffffff8020f060        0x8 ./src/liballoc.o
 .data          0xffffffff8020f068        0x0 ./src/kmalloc.o
 .data          0xffffffff8020f068        0x0 ./src/util.o
 *fill*         0xffffffff8020f068        0x8 
 .data          0xffffffff8020f070       0x18 ./src/kernel.o
 *fill*         0xffffffff8020f088       0x18 
 .data.rel.local
                0xffffffff8020f0a0       0x68 ./src/kernel.o
                0xffffffff8020f0a0                ssfn_errstr
 .data          0xffffffff8020f108        0x0 ./src/kprintf.o
 .data          0xffffffff8020f108        0x0 ./src/fs/vfs.o
 .data          0xffffffff8020f108        0x0 ./src/fs/tarfs.o

.got            0xffffffff8020f108       0xc8
 .got           0xffffffff8020f108       0xc8 ./src/cpu/irq.o

.got.plt        0xffffffff8020f1d0       0x18
 .got.plt       0xffffffff8020f1d0       0x18 ./src/cpu/irq.o
                0xffffffff8020f1d0                _GLOBAL_OFFSET_TABLE_

.bss            0xffffffff8020f200    0x4e208
 *(COMMON)
 *(.bss*)
 .bss           0xffffffff8020f200        0x8 ./src/drivers/pit.o
                0xffffffff8020f200                g_ticks
 .bss           0xffffffff8020f208        0x0 ./src/drivers/keyboard.o
 .bss           0xffffffff8020f208        0x0 ./src/drivers/serial.o
 .bss           0xffffffff8020f208       0x20 ./src/drivers/video.o
 .bss           0xffffffff8020f228        0x0 ./src/string/strlen.o
 .bss           0xffffffff8020f228        0x0 ./src/string/memmove.o
 .bss           0xffffffff8020f228        0x0 ./src/string/memcmp.o
 .bss           0xffffffff8020f228        0x0 ./src/string/strcat.o
 .bss           0xffffffff8020f228        0x0 ./src/string/memset.o
 .bss           0xffffffff8020f228        0x0 ./src/string/strcmp.o
 .bss           0xffffffff8020f228        0x0 ./src/string/memcpy.o
 .bss           0xffffffff8020f228        0x0 ./src/cpu/io.o
 *fill*         0xffffffff8020f228       0x18 
 .bss           0xffffffff8020f240     0xa758 ./src/cpu/cpu.o
                0xffffffff8020f240                cpus
 *fill*         0xffffffff80219998        0x8 
 .bss           0xffffffff802199a0     0x1000 ./src/cpu/idt.o
                0xffffffff802199a0                idt
 .bss           0xffffffff8021a9a0        0x0 ./src/cpu/gdt.o
 .bss           0xffffffff8021a9a0        0x0 ./src/cpu/smp.o
 .bss           0xffffffff8021a9a0        0x0 ./src/memory/vmm.o
 .bss           0xffffffff8021a9a0    0x40020 ./src/memory/pmm.o
                0xffffffff8021a9a0                total_bmaps
                0xffffffff8021a9a8                free_blocks
                0xffffffff8021a9b0                used_blocks
                0xffffffff8021a9c0                mmap
 .bss           0xffffffff8025a9c0        0x8 ./src/syscall/syscalls.o
                0xffffffff8025a9c0                __env
 .bss           0xffffffff8025a9c8        0x0 ./src/proc/elf.o
 .bss           0xffffffff8025a9c8       0x20 ./src/proc/proc.o
                0xffffffff8025a9c8                gp_process_queue
                0xffffffff8025a9d0                gp_current_process
                0xffffffff8025a9d8                g_procs
                0xffffffff8025a9e0                kernel_cr3
 .bss           0xffffffff8025a9e8        0x0 ./src/proc/scheduler.o
 *fill*         0xffffffff8025a9e8       0x18 
 .bss           0xffffffff8025aa00      0x184 ./src/liballoc.o
                0xffffffff8025aa00                l_kfreePages
                0xffffffff8025ab00                l_completePages
 .bss           0xffffffff8025ab84        0x4 ./src/kmalloc.o
                0xffffffff8025ab84                lock
 .bss           0xffffffff8025ab88        0x0 ./src/util.o
 *fill*         0xffffffff8025ab88       0x18 
 .bss           0xffffffff8025aba0     0x2040 ./src/kernel.o
                0xffffffff8025aba0                ssfn_src
                0xffffffff8025abc0                ssfn_dst
                0xffffffff8025abe0                stack
                0xffffffff8025bbe0                user_stack
 .bss           0xffffffff8025cbe0        0x0 ./src/kprintf.o
 .bss           0xffffffff8025cbe0      0x820 ./src/fs/vfs.o
 .bss           0xffffffff8025d400        0x8 ./src/fs/tarfs.o
                0xffffffff8025d408                k_end = .
OUTPUT(kernel.elf elf64-x86-64)

.debug_info     0x0000000000000000     0x8c7d
 .debug_info    0x0000000000000000      0x1cf ./src/drivers/pit.o
 .debug_info    0x00000000000001cf       0xf1 ./src/drivers/keyboard.o
 .debug_info    0x00000000000002c0      0x2e0 ./src/drivers/serial.o
 .debug_info    0x00000000000005a0      0x69d ./src/drivers/video.o
 .debug_info    0x0000000000000c3d       0xb1 ./src/string/strlen.o
 .debug_info    0x0000000000000cee      0x123 ./src/string/memmove.o
 .debug_info    0x0000000000000e11       0xf6 ./src/string/memcmp.o
 .debug_info    0x0000000000000f07       0xe3 ./src/string/strcat.o
 .debug_info    0x0000000000000fea       0xe3 ./src/string/memset.o
 .debug_info    0x00000000000010cd       0x9d ./src/string/strcmp.o
 .debug_info    0x000000000000116a      0x10b ./src/string/memcpy.o
 .debug_info    0x0000000000001275      0x24e ./src/cpu/io.o
 .debug_info    0x00000000000014c3      0x37a ./src/cpu/cpu.o
 .debug_info    0x000000000000183d      0xc25 ./src/cpu/idt.o
 .debug_info    0x0000000000002462      0x360 ./src/cpu/gdt.o
 .debug_info    0x00000000000027c2      0x305 ./src/cpu/smp.o
 .debug_info    0x0000000000002ac7      0x6fc ./src/memory/vmm.o
 .debug_info    0x00000000000031c3      0x8af ./src/memory/pmm.o
 .debug_info    0x0000000000003a72      0x9b1 ./src/syscall/syscalls.o
 .debug_info    0x0000000000004423      0x7b0 ./src/proc/elf.o
 .debug_info    0x0000000000004bd3      0x744 ./src/proc/proc.o
 .debug_info    0x0000000000005317      0x59e ./src/proc/scheduler.o
 .debug_info    0x00000000000058b5      0x816 ./src/liballoc.o
 .debug_info    0x00000000000060cb      0x42f ./src/kmalloc.o
 .debug_info    0x00000000000064fa      0x44a ./src/util.o
 .debug_info    0x0000000000006944      0xec2 ./src/kernel.o
 .debug_info    0x0000000000007806      0x5d7 ./src/kprintf.o
 .debug_info    0x0000000000007ddd      0x67a ./src/fs/vfs.o
 .debug_info    0x0000000000008457      0x826 ./src/fs/tarfs.o

.debug_abbrev   0x0000000000000000     0x2aeb
 .debug_abbrev  0x0000000000000000      0x125 ./src/drivers/pit.o
 .debug_abbrev  0x0000000000000125       0xc4 ./src/drivers/keyboard.o
 .debug_abbrev  0x00000000000001e9       0xf1 ./src/drivers/serial.o
 .debug_abbrev  0x00000000000002da      0x17c ./src/drivers/video.o
 .debug_abbrev  0x0000000000000456       0x88 ./src/string/strlen.o
 .debug_abbrev  0x00000000000004de       0xac ./src/string/memmove.o
 .debug_abbrev  0x000000000000058a       0x9a ./src/string/memcmp.o
 .debug_abbrev  0x0000000000000624       0xb2 ./src/string/strcat.o
 .debug_abbrev  0x00000000000006d6       0x94 ./src/string/memset.o
 .debug_abbrev  0x000000000000076a       0x6a ./src/string/strcmp.o
 .debug_abbrev  0x00000000000007d4       0xa8 ./src/string/memcpy.o
 .debug_abbrev  0x000000000000087c       0xe4 ./src/cpu/io.o
 .debug_abbrev  0x0000000000000960      0x173 ./src/cpu/cpu.o
 .debug_abbrev  0x0000000000000ad3      0x1ab ./src/cpu/idt.o
 .debug_abbrev  0x0000000000000c7e      0x143 ./src/cpu/gdt.o
 .debug_abbrev  0x0000000000000dc1      0x17d ./src/cpu/smp.o
 .debug_abbrev  0x0000000000000f3e      0x1f7 ./src/memory/vmm.o
 .debug_abbrev  0x0000000000001135      0x245 ./src/memory/pmm.o
 .debug_abbrev  0x000000000000137a      0x2e7 ./src/syscall/syscalls.o
 .debug_abbrev  0x0000000000001661      0x22a ./src/proc/elf.o
 .debug_abbrev  0x000000000000188b      0x299 ./src/proc/proc.o
 .debug_abbrev  0x0000000000001b24      0x207 ./src/proc/scheduler.o
 .debug_abbrev  0x0000000000001d2b      0x201 ./src/liballoc.o
 .debug_abbrev  0x0000000000001f2c      0x1f3 ./src/kmalloc.o
 .debug_abbrev  0x000000000000211f       0xff ./src/util.o
 .debug_abbrev  0x000000000000221e      0x34a ./src/kernel.o
 .debug_abbrev  0x0000000000002568      0x1a5 ./src/kprintf.o
 .debug_abbrev  0x000000000000270d      0x1f7 ./src/fs/vfs.o
 .debug_abbrev  0x0000000000002904      0x1e7 ./src/fs/tarfs.o

.debug_aranges  0x0000000000000000      0x570
 .debug_aranges
                0x0000000000000000       0x30 ./src/drivers/pit.o
 .debug_aranges
                0x0000000000000030       0x30 ./src/drivers/keyboard.o
 .debug_aranges
                0x0000000000000060       0x30 ./src/drivers/serial.o
 .debug_aranges
                0x0000000000000090       0x30 ./src/drivers/video.o
 .debug_aranges
                0x00000000000000c0       0x30 ./src/string/strlen.o
 .debug_aranges
                0x00000000000000f0       0x30 ./src/string/memmove.o
 .debug_aranges
                0x0000000000000120       0x30 ./src/string/memcmp.o
 .debug_aranges
                0x0000000000000150       0x30 ./src/string/strcat.o
 .debug_aranges
                0x0000000000000180       0x30 ./src/string/memset.o
 .debug_aranges
                0x00000000000001b0       0x30 ./src/string/strcmp.o
 .debug_aranges
                0x00000000000001e0       0x30 ./src/string/memcpy.o
 .debug_aranges
                0x0000000000000210       0x30 ./src/cpu/io.o
 .debug_aranges
                0x0000000000000240       0x30 ./src/cpu/cpu.o
 .debug_aranges
                0x0000000000000270       0x30 ./src/cpu/idt.o
 .debug_aranges
                0x00000000000002a0       0x30 ./src/cpu/gdt.o
 .debug_aranges
                0x00000000000002d0       0x30 ./src/cpu/smp.o
 .debug_aranges
                0x0000000000000300       0x30 ./src/memory/vmm.o
 .debug_aranges
                0x0000000000000330       0x30 ./src/memory/pmm.o
 .debug_aranges
                0x0000000000000360       0x30 ./src/syscall/syscalls.o
 .debug_aranges
                0x0000000000000390       0x30 ./src/proc/elf.o
 .debug_aranges
                0x00000000000003c0       0x30 ./src/proc/proc.o
 .debug_aranges
                0x00000000000003f0       0x30 ./src/proc/scheduler.o
 .debug_aranges
                0x0000000000000420       0x30 ./src/liballoc.o
 .debug_aranges
                0x0000000000000450       0x30 ./src/kmalloc.o
 .debug_aranges
                0x0000000000000480       0x30 ./src/util.o
 .debug_aranges
                0x00000000000004b0       0x30 ./src/kernel.o
 .debug_aranges
                0x00000000000004e0       0x30 ./src/kprintf.o
 .debug_aranges
                0x0000000000000510       0x30 ./src/fs/vfs.o
 .debug_aranges
                0x0000000000000540       0x30 ./src/fs/tarfs.o

.debug_line     0x0000000000000000     0x3e17
 .debug_line    0x0000000000000000      0x122 ./src/drivers/pit.o
 .debug_line    0x0000000000000122       0x90 ./src/drivers/keyboard.o
 .debug_line    0x00000000000001b2      0x134 ./src/drivers/serial.o
 .debug_line    0x00000000000002e6      0x2f9 ./src/drivers/video.o
 .debug_line    0x00000000000005df       0xa8 ./src/string/strlen.o
 .debug_line    0x0000000000000687      0x106 ./src/string/memmove.o
 .debug_line    0x000000000000078d       0xca ./src/string/memcmp.o
 .debug_line    0x0000000000000857       0xc5 ./src/string/strcat.o
 .debug_line    0x000000000000091c       0xc8 ./src/string/memset.o
 .debug_line    0x00000000000009e4       0x6b ./src/string/strcmp.o
 .debug_line    0x0000000000000a4f       0xd2 ./src/string/memcpy.o
 .debug_line    0x0000000000000b21       0xed ./src/cpu/io.o
 .debug_line    0x0000000000000c0e       0xf0 ./src/cpu/cpu.o
 .debug_line    0x0000000000000cfe      0x2e4 ./src/cpu/idt.o
 .debug_line    0x0000000000000fe2      0x132 ./src/cpu/gdt.o
 .debug_line    0x0000000000001114      0x166 ./src/cpu/smp.o
 .debug_line    0x000000000000127a      0x3ea ./src/memory/vmm.o
 .debug_line    0x0000000000001664      0x4af ./src/memory/pmm.o
 .debug_line    0x0000000000001b13      0x271 ./src/syscall/syscalls.o
 .debug_line    0x0000000000001d84      0x21f ./src/proc/elf.o
 .debug_line    0x0000000000001fa3      0x2d3 ./src/proc/proc.o
 .debug_line    0x0000000000002276      0x262 ./src/proc/scheduler.o
 .debug_line    0x00000000000024d8      0x4b0 ./src/liballoc.o
 .debug_line    0x0000000000002988       0xff ./src/kmalloc.o
 .debug_line    0x0000000000002a87      0x253 ./src/util.o
 .debug_line    0x0000000000002cda      0x9ad ./src/kernel.o
 .debug_line    0x0000000000003687      0x327 ./src/kprintf.o
 .debug_line    0x00000000000039ae      0x244 ./src/fs/vfs.o
 .debug_line    0x0000000000003bf2      0x225 ./src/fs/tarfs.o

.debug_str      0x0000000000000000     0x194c
 .debug_str     0x0000000000000000      0x17e ./src/drivers/pit.o
                                        0x1b7 (size before relaxing)
 .debug_str     0x000000000000017e       0x33 ./src/drivers/keyboard.o
                                        0x178 (size before relaxing)
 .debug_str     0x00000000000001b1       0x5d ./src/drivers/serial.o
                                        0x1cf (size before relaxing)
 .debug_str     0x000000000000020e      0x1dd ./src/drivers/video.o
                                        0x36a (size before relaxing)
 .debug_str     0x00000000000003eb       0x1b ./src/string/strlen.o
                                        0x12f (size before relaxing)
 .debug_str     0x0000000000000406       0x2b ./src/string/memmove.o
                                        0x14d (size before relaxing)
 .debug_str     0x0000000000000431       0x25 ./src/string/memcmp.o
                                        0x147 (size before relaxing)
 .debug_str     0x0000000000000456       0x2e ./src/string/strcat.o
                                        0x149 (size before relaxing)
 .debug_str     0x0000000000000484       0x21 ./src/string/memset.o
                                        0x14a (size before relaxing)
 .debug_str     0x00000000000004a5       0x1b ./src/string/strcmp.o
                                        0x128 (size before relaxing)
 .debug_str     0x00000000000004c0       0x14 ./src/string/memcpy.o
                                        0x14b (size before relaxing)
 .debug_str     0x00000000000004d4       0x32 ./src/cpu/io.o
                                        0x185 (size before relaxing)
 .debug_str     0x0000000000000506       0x86 ./src/cpu/cpu.o
                                        0x1ea (size before relaxing)
 .debug_str     0x000000000000058c      0x293 ./src/cpu/idt.o
                                        0x444 (size before relaxing)
 .debug_str     0x000000000000081f      0x142 ./src/cpu/gdt.o
                                        0x2bd (size before relaxing)
 .debug_str     0x0000000000000961       0xb7 ./src/cpu/smp.o
                                        0x28c (size before relaxing)
 .debug_str     0x0000000000000a18      0x18a ./src/memory/vmm.o
                                        0x383 (size before relaxing)
 .debug_str     0x0000000000000ba2      0x1c8 ./src/memory/pmm.o
                                        0x3f3 (size before relaxing)
 .debug_str     0x0000000000000d6a      0x19a ./src/syscall/syscalls.o
                                        0x42a (size before relaxing)
 .debug_str     0x0000000000000f04      0x1d6 ./src/proc/elf.o
                                        0x4fc (size before relaxing)
 .debug_str     0x00000000000010da       0xd4 ./src/proc/proc.o
                                        0x432 (size before relaxing)
 .debug_str     0x00000000000011ae       0x22 ./src/proc/scheduler.o
                                        0x37e (size before relaxing)
 .debug_str     0x00000000000011d0      0x191 ./src/liballoc.o
                                        0x31b (size before relaxing)
 .debug_str     0x0000000000001361       0x45 ./src/kmalloc.o
                                        0x2eb (size before relaxing)
 .debug_str     0x00000000000013a6       0x47 ./src/util.o
                                        0x18e (size before relaxing)
 .debug_str     0x00000000000013ed      0x288 ./src/kernel.o
                                        0x753 (size before relaxing)
 .debug_str     0x0000000000001675       0xc7 ./src/kprintf.o
                                        0x2a9 (size before relaxing)
 .debug_str     0x000000000000173c       0xc4 ./src/fs/vfs.o
                                        0x32e (size before relaxing)
 .debug_str     0x0000000000001800      0x14c ./src/fs/tarfs.o
                                        0x3d3 (size before relaxing)

.comment        0x0000000000000000       0x12
 .comment       0x0000000000000000       0x12 ./src/drivers/pit.o
                                         0x13 (size before relaxing)
 .comment       0x0000000000000012       0x13 ./src/drivers/keyboard.o
 .comment       0x0000000000000012       0x13 ./src/drivers/serial.o
 .comment       0x0000000000000012       0x13 ./src/drivers/video.o
 .comment       0x0000000000000012       0x13 ./src/string/strlen.o
 .comment       0x0000000000000012       0x13 ./src/string/memmove.o
 .comment       0x0000000000000012       0x13 ./src/string/memcmp.o
 .comment       0x0000000000000012       0x13 ./src/string/strcat.o
 .comment       0x0000000000000012       0x13 ./src/string/memset.o
 .comment       0x0000000000000012       0x13 ./src/string/strcmp.o
 .comment       0x0000000000000012       0x13 ./src/string/memcpy.o
 .comment       0x0000000000000012       0x13 ./src/cpu/io.o
 .comment       0x0000000000000012       0x13 ./src/cpu/cpu.o
 .comment       0x0000000000000012       0x13 ./src/cpu/idt.o
 .comment       0x0000000000000012       0x13 ./src/cpu/gdt.o
 .comment       0x0000000000000012       0x13 ./src/cpu/smp.o
 .comment       0x0000000000000012       0x13 ./src/memory/vmm.o
 .comment       0x0000000000000012       0x13 ./src/memory/pmm.o
 .comment       0x0000000000000012       0x13 ./src/syscall/syscalls.o
 .comment       0x0000000000000012       0x13 ./src/proc/elf.o
 .comment       0x0000000000000012       0x13 ./src/proc/proc.o
 .comment       0x0000000000000012       0x13 ./src/proc/scheduler.o
 .comment       0x0000000000000012       0x13 ./src/liballoc.o
 .comment       0x0000000000000012       0x13 ./src/kmalloc.o
 .comment       0x0000000000000012       0x13 ./src/util.o
 .comment       0x0000000000000012       0x13 ./src/kernel.o
 .comment       0x0000000000000012       0x13 ./src/kprintf.o
 .comment       0x0000000000000012       0x13 ./src/fs/vfs.o
 .comment       0x0000000000000012       0x13 ./src/fs/tarfs.o
